


ARM Macro Assembler    Page 1 


    1 00000000                 AREA             text, CODE, READONLY
    2 00000000                 EXPORT           Kalmanfilter_asm
    3 00000000         
    4 00000000         Kalmanfilter_asm
    5 00000000         
    6 00000000         ; initialize q (S1), r(S2) and p(S3) to 0.1 
    7 00000000 EEF2 0A04       VMOV.F32         S1, #10
    8 00000004 EEB7 1A00       VMOV.F32         S2, #1
    9 00000008 EEC1 0A20       VDIV.F32         S1, S2, S1  ; TO GET 0.1, TRY L
                                                            OAD FROM MEMORY, AD
                                                            D, SUBT, DIV...
   10 0000000C         
   11 0000000C EEB0 1A60       VMOV.F32         S2, S1
   12 00000010 EEF0 1A60       VMOV.F32         S3, S1
   13 00000014         
   14 00000014         ; initialize k (S4) and x (S5) to 0.
   15 00000014 EE30 2AC1       VSUB.F32         S4, S1, S2
   16 00000018 EEF0 2A42       VMOV.F32         S5, S4
   17 0000001C         
   18 0000001C EEB4 0A00       VMOV.F32         S0, #0.125
   19 00000020         ; update
   20 00000020 EE71 1AA0       VADD.F32         S3, S3, S1
   21 00000024 EE71 2AA0       VADD.F32         S5, S3, S1  ;P+R
   22 00000028 EE81 2AA2       VDIV.F32         S4, S3, S5
   23 0000002C EE30 3A62       VSUB.F32         S6, S0, S5  ;measurement will b
                                                            e written in S0
   24 00000030 EE62 3A03       VMUL.F32         S7, S4, S6
   25 00000034 EE72 2AA3       VADD.F32         S5, S5, S7
   26 00000038 EEB1 4A42       VNEG.F32         S8, S4
   27 0000003C EE34 4A02       VADD.F32         S8, S8, S4
   28 00000040 EE64 1A21       VMUL.F32         S3, S8, S3
   29 00000044         
   30 00000044         
   31 00000044 4770            BX               LR          ;
   32 00000046         
   33 00000046                 END
Command Line: --debug --xref --cpu=Cortex-M4.fp --apcs=interwork --depend=.\obj
ects\kalmanfilter_asm.d -o.\objects\kalmanfilter_asm.o -IC:\Users\TQ.AlexTao\Do
cuments\Bei\MicroP-Lab1\RTE -IC:\Users\TQ.AlexTao\Documents\Bei\MicroP-Lab1\RTE
\Device\STM32F407VG -IC:\Keil_v5\ARM\PACK\ARM\CMSIS\4.1.1\CMSIS\Include -IC:\Ke
il_v5\ARM\PACK\Keil\STM32F4xx_DFP\1.0.8\Device\Include --predefine="__EVAL SETA
 1" --predefine="__UVISION_VERSION SETA 513" --predefine="_RTE_ SETA 1" --prede
fine="STM32F40_41xxx SETA 1" --list=.\listings\kalmanfilter_asm.lst Kalmanfilte
r_asm.s



ARM Macro Assembler    Page 1 Alphabetic symbol ordering
Relocatable symbols

Kalmanfilter_asm 00000000

Symbol: Kalmanfilter_asm
   Definitions
      At line 4 in file Kalmanfilter_asm.s
   Uses
      At line 2 in file Kalmanfilter_asm.s
Comment: Kalmanfilter_asm used once
text 00000000

Symbol: text
   Definitions
      At line 1 in file Kalmanfilter_asm.s
   Uses
      None
Comment: text unused
2 symbols
337 symbols in table
